{"timestamp": "2025-12-25 00:25:42", "level": "INFO", "logger": "text_processing", "module": "lab5", "function": "setup_advanced_logging", "line": 368, "message": "Продвинутая система логирования инициализирована. Логи в директории: logs", "process": 17364, "thread": 28140, "thread_name": "MainThread"}
{"timestamp": "2025-12-25 00:25:42", "level": "INFO", "logger": "text_processing", "module": "lab5", "function": "log_system_info", "line": 1654, "message": "============================================================", "process": 17364, "thread": 28140, "thread_name": "MainThread"}
{"timestamp": "2025-12-25 00:25:42", "level": "INFO", "logger": "text_processing", "module": "lab5", "function": "log_system_info", "line": 1655, "message": "ИНФОРМАЦИЯ О СИСТЕМЕ", "process": 17364, "thread": 28140, "thread_name": "MainThread"}
{"timestamp": "2025-12-25 00:25:42", "level": "INFO", "logger": "text_processing", "module": "lab5", "function": "log_system_info", "line": 1656, "message": "============================================================", "process": 17364, "thread": 28140, "thread_name": "MainThread"}
{"timestamp": "2025-12-25 00:25:42", "level": "INFO", "logger": "text_processing", "module": "lab5", "function": "log_system_info", "line": 1659, "message": "Python версия: 3.13.2 (tags/v3.13.2:4f8bb39, Feb  4 2025, 15:23:48) [MSC v.1942 64 bit (AMD64)]", "process": 17364, "thread": 28140, "thread_name": "MainThread"}
{"timestamp": "2025-12-25 00:25:42", "level": "INFO", "logger": "text_processing", "module": "lab5", "function": "log_system_info", "line": 1660, "message": "Python исполняемый файл: C:\\Users\\Кешок\\AppData\\Local\\Programs\\Python\\Python313\\python.exe", "process": 17364, "thread": 28140, "thread_name": "MainThread"}
{"timestamp": "2025-12-25 00:25:42", "level": "INFO", "logger": "text_processing", "module": "lab5", "function": "log_system_info", "line": 1663, "message": "Платформа: win32", "process": 17364, "thread": 28140, "thread_name": "MainThread"}
{"timestamp": "2025-12-25 00:25:42", "level": "INFO", "logger": "text_processing", "module": "lab5", "function": "log_system_info", "line": 1666, "message": "Рабочая директория: C:\\Users\\Кешок\\Desktop\\TMP\\prog-instruments-labs\\lab_5", "process": 17364, "thread": 28140, "thread_name": "MainThread"}
{"timestamp": "2025-12-25 00:25:42", "level": "INFO", "logger": "text_processing", "module": "lab5", "function": "log_system_info", "line": 1669, "message": "NumPy версия: 2.2.6", "process": 17364, "thread": 28140, "thread_name": "MainThread"}
{"timestamp": "2025-12-25 00:25:42", "level": "INFO", "logger": "text_processing", "module": "lab5", "function": "log_system_info", "line": 1672, "message": "Конфигурация логирования:", "process": 17364, "thread": 28140, "thread_name": "MainThread"}
{"timestamp": "2025-12-25 00:25:42", "level": "INFO", "logger": "text_processing", "module": "lab5", "function": "log_system_info", "line": 1674, "message": "  Обработчик: StreamHandler, уровень: INFO", "process": 17364, "thread": 28140, "thread_name": "MainThread"}
{"timestamp": "2025-12-25 00:25:42", "level": "INFO", "logger": "text_processing", "module": "lab5", "function": "log_system_info", "line": 1674, "message": "  Обработчик: RotatingFileHandler, уровень: DEBUG", "process": 17364, "thread": 28140, "thread_name": "MainThread"}
{"timestamp": "2025-12-25 00:25:42", "level": "INFO", "logger": "text_processing", "module": "lab5", "function": "log_system_info", "line": 1674, "message": "  Обработчик: FileHandler, уровень: WARNING", "process": 17364, "thread": 28140, "thread_name": "MainThread"}
{"timestamp": "2025-12-25 00:25:42", "level": "INFO", "logger": "text_processing", "module": "lab5", "function": "log_system_info", "line": 1674, "message": "  Обработчик: FileHandler, уровень: INFO", "process": 17364, "thread": 28140, "thread_name": "MainThread"}
{"timestamp": "2025-12-25 00:25:42", "level": "INFO", "logger": "text_processing", "module": "lab5", "function": "log_system_info", "line": 1674, "message": "  Обработчик: LogBufferHandler, уровень: INFO", "process": 17364, "thread": 28140, "thread_name": "MainThread"}
{"timestamp": "2025-12-25 00:25:42", "level": "INFO", "logger": "text_processing", "module": "lab5", "function": "log_system_info", "line": 1676, "message": "============================================================", "process": 17364, "thread": 28140, "thread_name": "MainThread"}
{"timestamp": "2025-12-25 00:25:42", "level": "INFO", "logger": "text_processing", "module": "lab5", "function": "run_checks", "line": 1697, "message": "Запуск проверок здоровья системы", "process": 17364, "thread": 28140, "thread_name": "MainThread"}
{"timestamp": "2025-12-25 00:25:42", "level": "INFO", "logger": "text_processing", "module": "lab5", "function": "run_checks", "line": 1711, "message": "Проверка 'Логирование': ПРОЙДЕНА", "process": 17364, "thread": 28140, "thread_name": "MainThread"}
{"timestamp": "2025-12-25 00:25:42", "level": "INFO", "logger": "text_processing", "module": "lab5", "function": "run_checks", "line": 1711, "message": "Проверка 'NumPy': ПРОЙДЕНА", "process": 17364, "thread": 28140, "thread_name": "MainThread"}
{"timestamp": "2025-12-25 00:25:42", "level": "INFO", "logger": "text_processing", "module": "lab5", "function": "run_checks", "line": 1730, "message": "Все проверки здоровья пройдены успешно", "process": 17364, "thread": 28140, "thread_name": "MainThread"}
{"timestamp": "2025-12-25 00:25:42", "level": "INFO", "logger": "text_processing", "module": "lab5", "function": "<module>", "line": 1779, "message": "Старт работы системы в 2025-12-25 00:25:42.255158", "process": 17364, "thread": 28140, "thread_name": "MainThread"}
{"timestamp": "2025-12-25 00:25:42", "level": "INFO", "logger": "text_processing.__main__.run_demo", "module": "lab5", "function": "wrapper", "line": 412, "message": "Начало операции 'run_demo'", "process": 17364, "thread": 28140, "thread_name": "MainThread"}
{"timestamp": "2025-12-25 00:25:42", "level": "INFO", "logger": "text_processing", "module": "lab5", "function": "run_demo", "line": 1625, "message": "Запуск демонстрации модуля text.py", "process": 17364, "thread": 28140, "thread_name": "MainThread"}
{"timestamp": "2025-12-25 00:25:42", "level": "INFO", "logger": "text_processing.context.demo_execution", "module": "lab5", "function": "log_context", "line": 456, "message": "Вход в контекст: demo_execution", "process": 17364, "thread": 28140, "thread_name": "MainThread"}
{"timestamp": "2025-12-25 00:25:42", "level": "INFO", "logger": "text_processing", "module": "lab5", "function": "run_demo", "line": 1630, "message": "Создание тестовой UnigramWordModel...", "process": 17364, "thread": 28140, "thread_name": "MainThread"}
{"timestamp": "2025-12-25 00:25:42", "level": "INFO", "logger": "text_processing.context.UnigramWordModel.__init__", "module": "lab5", "function": "log_context", "line": 456, "message": "Вход в контекст: UnigramWordModel.__init__", "process": 17364, "thread": 28140, "thread_name": "MainThread"}
{"timestamp": "2025-12-25 00:25:42", "level": "INFO", "logger": "text_processing", "module": "lab5", "function": "__init__", "line": 529, "message": "Создание UnigramWordModel с 4 наблюдениями", "process": 17364, "thread": 28140, "thread_name": "MainThread"}
{"timestamp": "2025-12-25 00:25:42", "level": "INFO", "logger": "text_processing.context.UnigramWordModel.__init__", "module": "lab5", "function": "log_context", "line": 473, "message": "Выход из контекста: UnigramWordModel.__init__ (заняло 0.0003 секунд)", "process": 17364, "thread": 28140, "thread_name": "MainThread"}
{"timestamp": "2025-12-25 00:25:42", "level": "INFO", "logger": "text_processing.__main__.samples", "module": "lab5", "function": "wrapper", "line": 409, "message": "Начало операции 'UnigramWordModel.samples' с аргументами: <__main__.UnigramWordModel object at 0x000001B27F94DFD0>, 3", "process": 17364, "thread": 28140, "thread_name": "MainThread"}
{"timestamp": "2025-12-25 00:25:42", "level": "INFO", "logger": "text_processing.__main__.samples", "module": "lab5", "function": "wrapper", "line": 420, "message": "Операция 'UnigramWordModel.samples' завершена. Результат: hello test test", "process": 17364, "thread": 28140, "thread_name": "MainThread"}
{"timestamp": "2025-12-25 00:25:42", "level": "INFO", "logger": "text_processing", "module": "lab5", "function": "run_demo", "line": 1632, "message": "Тестовая модель создана. Пример генерации: hello test test", "process": 17364, "thread": 28140, "thread_name": "MainThread"}
{"timestamp": "2025-12-25 00:25:42", "level": "INFO", "logger": "text_processing.__main__.test_decoders", "module": "lab5", "function": "wrapper", "line": 412, "message": "Начало операции 'test_decoders'", "process": 17364, "thread": 28140, "thread_name": "MainThread"}
{"timestamp": "2025-12-25 00:25:42", "level": "INFO", "logger": "text_processing", "module": "lab5", "function": "test_decoders", "line": 1594, "message": "Начало тестирования декодеров", "process": 17364, "thread": 28140, "thread_name": "MainThread"}
{"timestamp": "2025-12-25 00:25:42", "level": "INFO", "logger": "text_processing.context.test_decoders_execution", "module": "lab5", "function": "log_context", "line": 456, "message": "Вход в контекст: test_decoders_execution", "process": 17364, "thread": 28140, "thread_name": "MainThread"}
{"timestamp": "2025-12-25 00:25:42", "level": "INFO", "logger": "text_processing", "module": "lab5", "function": "test_decoders", "line": 1605, "message": "Тестирование ShiftDecoder...", "process": 17364, "thread": 28140, "thread_name": "MainThread"}
{"timestamp": "2025-12-25 00:25:42", "level": "INFO", "logger": "text_processing.context.ShiftDecoder.__init__", "module": "lab5", "function": "log_context", "line": 456, "message": "Вход в контекст: ShiftDecoder.__init__", "process": 17364, "thread": 28140, "thread_name": "MainThread"}
{"timestamp": "2025-12-25 00:25:42", "level": "INFO", "logger": "text_processing", "module": "lab5", "function": "__init__", "line": 1308, "message": "Создание ShiftDecoder", "process": 17364, "thread": 28140, "thread_name": "MainThread"}
{"timestamp": "2025-12-25 00:25:42", "level": "ERROR", "logger": "text_processing.context.ShiftDecoder.__init__", "module": "lab5", "function": "log_context", "line": 461, "message": "Исключение в контексте 'ShiftDecoder.__init__': object of type 'CountingProbDist' has no len()", "process": 17364, "thread": 28140, "thread_name": "MainThread", "exception": "Traceback (most recent call last):\n  File \"C:\\Users\\Кешок\\Desktop\\TMP\\prog-instruments-labs\\lab_5\\lab5.py\", line 459, in log_context\n    yield context_logger\n  File \"C:\\Users\\Кешок\\Desktop\\TMP\\prog-instruments-labs\\lab_5\\lab5.py\", line 1315, in __init__\n    logger.debug(f\"ShiftDecoder создан. Размер модели биграмм: {len(self.P2)}\")\n                                                                ~~~^^^^^^^^^\nTypeError: object of type 'CountingProbDist' has no len()"}
{"timestamp": "2025-12-25 00:25:42", "level": "INFO", "logger": "text_processing.context.ShiftDecoder.__init__", "module": "lab5", "function": "log_context", "line": 473, "message": "Выход из контекста: ShiftDecoder.__init__ (заняло 0.0028 секунд)", "process": 17364, "thread": 28140, "thread_name": "MainThread"}
{"timestamp": "2025-12-25 00:25:42", "level": "ERROR", "logger": "text_processing", "module": "lab5", "function": "test_decoders", "line": 1619, "message": "Ошибка при тестировании декодеров: object of type 'CountingProbDist' has no len()", "process": 17364, "thread": 28140, "thread_name": "MainThread", "exception": "Traceback (most recent call last):\n  File \"C:\\Users\\Кешок\\Desktop\\TMP\\prog-instruments-labs\\lab_5\\lab5.py\", line 1606, in test_decoders\n    shift_decoder = ShiftDecoder(training_text)\n  File \"C:\\Users\\Кешок\\Desktop\\TMP\\prog-instruments-labs\\lab_5\\lab5.py\", line 1315, in __init__\n    logger.debug(f\"ShiftDecoder создан. Размер модели биграмм: {len(self.P2)}\")\n                                                                ~~~^^^^^^^^^\nTypeError: object of type 'CountingProbDist' has no len()"}
{"timestamp": "2025-12-25 00:25:42", "level": "INFO", "logger": "text_processing.context.test_decoders_execution", "module": "lab5", "function": "log_context", "line": 473, "message": "Выход из контекста: test_decoders_execution (заняло 0.0045 секунд)", "process": 17364, "thread": 28140, "thread_name": "MainThread"}
{"timestamp": "2025-12-25 00:25:42", "level": "INFO", "logger": "text_processing.__main__.test_decoders", "module": "lab5", "function": "wrapper", "line": 423, "message": "Операция 'test_decoders' завершена", "process": 17364, "thread": 28140, "thread_name": "MainThread"}
{"timestamp": "2025-12-25 00:25:42", "level": "INFO", "logger": "text_processing", "module": "lab5", "function": "run_demo", "line": 1637, "message": "Все тесты завершены успешно", "process": 17364, "thread": 28140, "thread_name": "MainThread"}
{"timestamp": "2025-12-25 00:25:42", "level": "INFO", "logger": "text_processing", "module": "lab5", "function": "run_demo", "line": 1641, "message": "Метрики работы системы:", "process": 17364, "thread": 28140, "thread_name": "MainThread"}
{"timestamp": "2025-12-25 00:25:42", "level": "INFO", "logger": "text_processing", "module": "lab5", "function": "run_demo", "line": 1643, "message": "  models.unigram.created: 1", "process": 17364, "thread": 28140, "thread_name": "MainThread"}
{"timestamp": "2025-12-25 00:25:42", "level": "INFO", "logger": "text_processing", "module": "lab5", "function": "run_demo", "line": 1643, "message": "  models.unigram.samples_generated: 3", "process": 17364, "thread": 28140, "thread_name": "MainThread"}
{"timestamp": "2025-12-25 00:25:42", "level": "INFO", "logger": "text_processing", "module": "lab5", "function": "run_demo", "line": 1643, "message": "  operation.UnigramWordModel.samples.calls: 1", "process": 17364, "thread": 28140, "thread_name": "MainThread"}
{"timestamp": "2025-12-25 00:25:42", "level": "INFO", "logger": "text_processing", "module": "lab5", "function": "run_demo", "line": 1643, "message": "  utils.words.extracted: 15", "process": 17364, "thread": 28140, "thread_name": "MainThread"}
{"timestamp": "2025-12-25 00:25:42", "level": "INFO", "logger": "text_processing", "module": "lab5", "function": "run_demo", "line": 1643, "message": "  operation.words.calls: 1", "process": 17364, "thread": 28140, "thread_name": "MainThread"}
{"timestamp": "2025-12-25 00:25:42", "level": "INFO", "logger": "text_processing", "module": "lab5", "function": "run_demo", "line": 1643, "message": "  utils.canonicalize.calls: 1", "process": 17364, "thread": 28140, "thread_name": "MainThread"}
{"timestamp": "2025-12-25 00:25:42", "level": "INFO", "logger": "text_processing", "module": "lab5", "function": "run_demo", "line": 1643, "message": "  operation.canonicalize.calls: 1", "process": 17364, "thread": 28140, "thread_name": "MainThread"}
{"timestamp": "2025-12-25 00:25:42", "level": "INFO", "logger": "text_processing", "module": "lab5", "function": "run_demo", "line": 1643, "message": "  utils.bigrams.created: 69", "process": 17364, "thread": 28140, "thread_name": "MainThread"}
{"timestamp": "2025-12-25 00:25:42", "level": "INFO", "logger": "text_processing", "module": "lab5", "function": "run_demo", "line": 1643, "message": "  operation.bigrams.calls: 1", "process": 17364, "thread": 28140, "thread_name": "MainThread"}
{"timestamp": "2025-12-25 00:25:42", "level": "INFO", "logger": "text_processing", "module": "lab5", "function": "run_demo", "line": 1643, "message": "  context.ShiftDecoder.__init__.exceptions: 1", "process": 17364, "thread": 28140, "thread_name": "MainThread"}
{"timestamp": "2025-12-25 00:25:42", "level": "INFO", "logger": "text_processing", "module": "lab5", "function": "run_demo", "line": 1643, "message": "  operation.test_decoders.calls: 1", "process": 17364, "thread": 28140, "thread_name": "MainThread"}
{"timestamp": "2025-12-25 00:25:42", "level": "INFO", "logger": "text_processing.metrics", "module": "lab5", "function": "run_demo", "line": 1646, "message": "Итоговые метрики", "process": 17364, "thread": 28140, "thread_name": "MainThread"}
{"timestamp": "2025-12-25 00:25:42", "level": "INFO", "logger": "text_processing.context.demo_execution", "module": "lab5", "function": "log_context", "line": 473, "message": "Выход из контекста: demo_execution (заняло 0.0090 секунд)", "process": 17364, "thread": 28140, "thread_name": "MainThread"}
{"timestamp": "2025-12-25 00:25:42", "level": "INFO", "logger": "text_processing.__main__.run_demo", "module": "lab5", "function": "wrapper", "line": 423, "message": "Операция 'run_demo' завершена", "process": 17364, "thread": 28140, "thread_name": "MainThread"}
{"timestamp": "2025-12-25 00:25:42", "level": "INFO", "logger": "text_processing", "module": "lab5", "function": "<module>", "line": 1785, "message": "Система завершила работу в 2025-12-25 00:25:42.265234", "process": 17364, "thread": 28140, "thread_name": "MainThread"}
{"timestamp": "2025-12-25 00:25:42", "level": "INFO", "logger": "text_processing", "module": "lab5", "function": "<module>", "line": 1789, "message": "Финальные метрики системы:", "process": 17364, "thread": 28140, "thread_name": "MainThread"}
{"timestamp": "2025-12-25 00:25:42", "level": "INFO", "logger": "text_processing", "module": "lab5", "function": "<module>", "line": 1791, "message": "  models.unigram.created: 1", "process": 17364, "thread": 28140, "thread_name": "MainThread"}
{"timestamp": "2025-12-25 00:25:42", "level": "INFO", "logger": "text_processing", "module": "lab5", "function": "<module>", "line": 1791, "message": "  models.unigram.samples_generated: 3", "process": 17364, "thread": 28140, "thread_name": "MainThread"}
{"timestamp": "2025-12-25 00:25:42", "level": "INFO", "logger": "text_processing", "module": "lab5", "function": "<module>", "line": 1791, "message": "  operation.UnigramWordModel.samples.calls: 1", "process": 17364, "thread": 28140, "thread_name": "MainThread"}
{"timestamp": "2025-12-25 00:25:42", "level": "INFO", "logger": "text_processing", "module": "lab5", "function": "<module>", "line": 1791, "message": "  utils.words.extracted: 15", "process": 17364, "thread": 28140, "thread_name": "MainThread"}
{"timestamp": "2025-12-25 00:25:42", "level": "INFO", "logger": "text_processing", "module": "lab5", "function": "<module>", "line": 1791, "message": "  operation.words.calls: 1", "process": 17364, "thread": 28140, "thread_name": "MainThread"}
{"timestamp": "2025-12-25 00:25:42", "level": "INFO", "logger": "text_processing", "module": "lab5", "function": "<module>", "line": 1791, "message": "  utils.canonicalize.calls: 1", "process": 17364, "thread": 28140, "thread_name": "MainThread"}
{"timestamp": "2025-12-25 00:25:42", "level": "INFO", "logger": "text_processing", "module": "lab5", "function": "<module>", "line": 1791, "message": "  operation.canonicalize.calls: 1", "process": 17364, "thread": 28140, "thread_name": "MainThread"}
{"timestamp": "2025-12-25 00:25:42", "level": "INFO", "logger": "text_processing", "module": "lab5", "function": "<module>", "line": 1791, "message": "  utils.bigrams.created: 69", "process": 17364, "thread": 28140, "thread_name": "MainThread"}
{"timestamp": "2025-12-25 00:25:42", "level": "INFO", "logger": "text_processing", "module": "lab5", "function": "<module>", "line": 1791, "message": "  operation.bigrams.calls: 1", "process": 17364, "thread": 28140, "thread_name": "MainThread"}
{"timestamp": "2025-12-25 00:25:42", "level": "INFO", "logger": "text_processing", "module": "lab5", "function": "<module>", "line": 1791, "message": "  context.ShiftDecoder.__init__.exceptions: 1", "process": 17364, "thread": 28140, "thread_name": "MainThread"}
{"timestamp": "2025-12-25 00:25:42", "level": "INFO", "logger": "text_processing", "module": "lab5", "function": "<module>", "line": 1791, "message": "  operation.test_decoders.calls: 1", "process": 17364, "thread": 28140, "thread_name": "MainThread"}
{"timestamp": "2025-12-25 00:25:42", "level": "INFO", "logger": "text_processing", "module": "lab5", "function": "<module>", "line": 1791, "message": "  operation.run_demo.calls: 1", "process": 17364, "thread": 28140, "thread_name": "MainThread"}
{"timestamp": "2025-12-25 00:25:42", "level": "INFO", "logger": "text_processing", "module": "lab5", "function": "<module>", "line": 1808, "message": "Финальные метрики сохранены в logs\\final_metrics.json", "process": 17364, "thread": 28140, "thread_name": "MainThread"}
